../Core/Src/main.c:93:5:main	8	static
../Core/Src/main.c:151:6:SystemClock_Config	88	static
../Core/Src/main.c:192:13:MX_ADC1_Init	56	static
../Core/Src/main.c:314:13:MX_TIM1_Init	104	static
../Core/Src/main.c:398:13:MX_TIM2_Init	56	static
../Core/Src/main.c:447:13:MX_TIM3_Init	48	static
../Core/Src/main.c:508:13:MX_TIM4_Init	56	static
../Core/Src/main.c:557:13:MX_TIM6_Init	24	static
../Core/Src/main.c:595:13:MX_TIM8_Init	56	static
../Core/Src/main.c:646:13:MX_TIM15_Init	104	static
../Core/Src/main.c:716:13:MX_TIM16_Init	8	static
../Core/Src/main.c:748:13:MX_TIM20_Init	56	static
../Core/Src/main.c:799:13:MX_UART4_Init	8	static
../Core/Src/main.c:847:13:MX_UART5_Init	8	static
../Core/Src/main.c:895:13:MX_USART3_UART_Init	8	static
../Core/Src/main.c:941:13:MX_DMA_Init	16	static
../Core/Src/main.c:960:13:MX_GPIO_Init	48	static
../Core/Src/main.c:990:6:Error_Handler	4	static,ignoring_inline_asm
