c:\st\stm32cubeide_1.10.1\stm32cubeide\plugins\com.st.stm32cube.ide.mcu.externaltools.gnu-tools-for-stm32.10.3-2021.10.win32_1.0.0.202111181127\tools\arm-none-eabi\include\c++\10.3.1\bits\std_abs.h:75:3:constexpr float std::abs(float)	16	static
../Core/Src/motor.cpp:43:6:void DCmotor_setup()	8	static
../Core/Src/motor.cpp:59:6:void PI_control_run(PID_controller*, DC_motor*)	32	static
../Core/Src/motor.cpp:85:6:void getState(DC_motor*, int)	24	static
../Core/Src/motor.cpp:92:6:void set_goalHeight(PID_controller*, DC_motor*, float)	32	static
../Core/Src/motor.cpp:104:6:void DCmotor_run()	8	static
../Core/Src/motor.cpp:118:2:void __static_initialization_and_destruction_0(int, int)	16	static
../Core/Src/motor.cpp:118:2:cpp)	8	static
